// Jest Snapshot v1, https://goo.gl/fbAQLP

exports[`render CardList 1`] = `
<div>
  <Card
    email="daniel@gmail.com"
    id={1}
    key="0"
    name="asadasd"
  />
</div>
`;
